// Jest Snapshot v1, https://goo.gl/fbAQLP

exports[`Description renders html correctly 1`] = `
<div>
  <li
    class="description"
    contenteditable="true"
  >
    Job description
  </li>
</div>
`;
