// Jest Snapshot v1, https://goo.gl/fbAQLP

exports[`Summary renders html correctly 1`] = `
<div>
  <h2
    class="title"
    style="text-decoration: underline; margin-top: 0.75rem;"
  >
    Summary
  </h2>
  <p
    class="summary"
  >
    Sum of the summary
  </p>
</div>
`;
