// Jest Snapshot v1, https://jestjs.io/docs/snapshot-testing

exports[`Time renders html correctly 1`] = `
<div>
  <time
    datetime="2020-02"
  >
    February 2020
  </time>
  <span>
     - 
  </span>
  <time
    datetime="2024-02"
  >
    February 2024
  </time>
</div>
`;
